<html>
<body>
<pre>
<h1>µVision Build Log</h1>
<h2>Project:</h2>
C:\Users\My_PC\Desktop\Son Projeler\STM32F407 OV9655 DCMI Camera Example\Discovery.uvproj
Project File Date:  03/06/2014

<h2>Output:</h2>
Build target 'Target 1'
linking...
Program Size: Code=19052 RO-data=6556 RW-data=96 ZI-data=1656  
FromELF: creating hex file...
".\Output\Discovery.axf" - 0 Errors, 0 Warning(s).
Build target 'Target 1'
compiling main.c...
compiling stm32f4xx_it.c...
compiling system_stm32f4xx.c...
compiling misc.c...
compiling stm32f4xx_adc.c...
compiling stm32f4xx_can.c...
compiling stm32f4xx_crc.c...
compiling stm32f4xx_cryp.c...
compiling stm32f4xx_cryp_aes.c...
compiling stm32f4xx_cryp_des.c...
compiling stm32f4xx_cryp_tdes.c...
compiling stm32f4xx_dac.c...
compiling stm32f4xx_dbgmcu.c...
compiling stm32f4xx_dcmi.c...
compiling stm32f4xx_dma.c...
compiling stm32f4xx_exti.c...
compiling stm32f4xx_flash.c...
compiling stm32f4xx_fsmc.c...
compiling stm32f4xx_gpio.c...
compiling stm32f4xx_hash.c...
compiling stm32f4xx_hash_md5.c...
compiling stm32f4xx_hash_sha1.c...
compiling stm32f4xx_i2c.c...
compiling stm32f4xx_iwdg.c...
compiling stm32f4xx_pwr.c...
compiling stm32f4xx_rcc.c...
compiling stm32f4xx_rng.c...
compiling stm32f4xx_rtc.c...
compiling stm32f4xx_sdio.c...
compiling stm32f4xx_spi.c...
compiling stm32f4xx_syscfg.c...
compiling stm32f4xx_tim.c...
compiling stm32f4xx_usart.c...
compiling stm32f4xx_wwdg.c...
compiling stm32f4_discovery.c...
compiling stm32f4_discovery_lis302dl.c...
compiling stm3240f_lcd.c...
compiling touch_7846.c...
compiling OV9655.c...
compiling I2C.c...
linking...
Program Size: Code=17952 RO-data=6556 RW-data=96 ZI-data=1656  
FromELF: creating hex file...
".\Output\Discovery.axf" - 0 Errors, 0 Warning(s).
Build target 'Target 1'
linking...
Program Size: Code=17952 RO-data=6556 RW-data=96 ZI-data=1656  
FromELF: creating hex file...
".\Output\Discovery.axf" - 0 Errors, 0 Warning(s).
