<html>
<body>
<pre>
<h1>µVision Build Log</h1>
<h2>Project:</h2>
C:\Users\My_PC\Desktop\Son Projeler\STM32F407 Test Yazýlýmý\Discovery.uvproj
Project File Date:  12/09/2013

<h2>Output:</h2>
Build target 'Target 1'
linking...
Program Size: Code=8072 RO-data=5080 RW-data=72 ZI-data=1632  
FromELF: creating hex file...
".\Discovery.axf" - 0 Errors, 0 Warning(s).
Build target 'Target 1'
assembling startup_stm32f40xx.s...
compiling main.c...
User\main.c(71): warning:  #167-D: argument of type "char *" is incompatible with parameter of type "uint8_t *"
compiling stm32f4xx_it.c...
compiling system_stm32f4xx.c...
compiling misc.c...
compiling stm32f4xx_adc.c...
compiling stm32f4xx_can.c...
compiling stm32f4xx_crc.c...
compiling stm32f4xx_cryp.c...
compiling stm32f4xx_cryp_aes.c...
compiling stm32f4xx_cryp_des.c...
compiling stm32f4xx_cryp_tdes.c...
compiling stm32f4xx_dac.c...
compiling stm32f4xx_dbgmcu.c...
compiling stm32f4xx_dcmi.c...
compiling stm32f4xx_dma.c...
compiling stm32f4xx_exti.c...
compiling stm32f4xx_flash.c...
compiling stm32f4xx_fsmc.c...
compiling stm32f4xx_gpio.c...
compiling stm32f4xx_hash.c...
compiling stm32f4xx_hash_md5.c...
compiling stm32f4xx_hash_sha1.c...
compiling stm32f4xx_i2c.c...
compiling stm32f4xx_iwdg.c...
compiling stm32f4xx_pwr.c...
compiling stm32f4xx_rcc.c...
compiling stm32f4xx_rng.c...
compiling stm32f4xx_rtc.c...
compiling stm32f4xx_sdio.c...
compiling stm32f4xx_spi.c...
compiling stm32f4xx_syscfg.c...
compiling stm32f4xx_tim.c...
compiling stm32f4xx_usart.c...
compiling stm32f4xx_wwdg.c...
compiling stm32f4_discovery.c...
compiling stm32f4_discovery_lis302dl.c...
compiling GPIO.c...
compiling Usart.c...
compiling ADC.c...
compiling ssd1963.c...
compiling fonts.c...
compiling OV9655.c...
linking...
Program Size: Code=8072 RO-data=5080 RW-data=72 ZI-data=1632  
FromELF: creating hex file...
".\Output\Discovery.axf" - 0 Errors, 1 Warning(s).
Build target 'Target 1'
assembling startup_stm32f40xx.s...
compiling main.c...
User\main.c(71): warning:  #167-D: argument of type "char *" is incompatible with parameter of type "uint8_t *"
compiling stm32f4xx_it.c...
compiling system_stm32f4xx.c...
compiling misc.c...
compiling stm32f4xx_adc.c...
compiling stm32f4xx_can.c...
compiling stm32f4xx_crc.c...
compiling stm32f4xx_cryp.c...
compiling stm32f4xx_cryp_aes.c...
compiling stm32f4xx_cryp_des.c...
compiling stm32f4xx_cryp_tdes.c...
compiling stm32f4xx_dac.c...
compiling stm32f4xx_dbgmcu.c...
compiling stm32f4xx_dcmi.c...
compiling stm32f4xx_dma.c...
compiling stm32f4xx_exti.c...
compiling stm32f4xx_flash.c...
compiling stm32f4xx_fsmc.c...
compiling stm32f4xx_gpio.c...
compiling stm32f4xx_hash.c...
compiling stm32f4xx_hash_md5.c...
compiling stm32f4xx_hash_sha1.c...
compiling stm32f4xx_i2c.c...
compiling stm32f4xx_iwdg.c...
compiling stm32f4xx_pwr.c...
compiling stm32f4xx_rcc.c...
compiling stm32f4xx_rng.c...
compiling stm32f4xx_rtc.c...
compiling stm32f4xx_sdio.c...
compiling stm32f4xx_spi.c...
compiling stm32f4xx_syscfg.c...
compiling stm32f4xx_tim.c...
compiling stm32f4xx_usart.c...
compiling stm32f4xx_wwdg.c...
compiling stm32f4_discovery.c...
compiling stm32f4_discovery_lis302dl.c...
compiling GPIO.c...
compiling Usart.c...
compiling ADC.c...
compiling ssd1963.c...
compiling fonts.c...
compiling OV9655.c...
linking...
Program Size: Code=8072 RO-data=5080 RW-data=72 ZI-data=1632  
FromELF: creating hex file...
".\Output\Discovery.axf" - 0 Errors, 1 Warning(s).
Build target 'Target 1'
linking...
Program Size: Code=8072 RO-data=5080 RW-data=72 ZI-data=1632  
FromELF: creating hex file...
".\Output\Discovery.axf" - 0 Errors, 0 Warning(s).
Build target 'Target 1'
compiling main.c...
User\main.c(71): warning:  #167-D: argument of type "char *" is incompatible with parameter of type "uint8_t *"
linking...
Program Size: Code=8072 RO-data=5080 RW-data=72 ZI-data=1632  
FromELF: creating hex file...
".\Output\Discovery.axf" - 0 Errors, 1 Warning(s).
Load "C:\\Users\\My_PC\\Desktop\\Son Projeler\\STM32F407 Test Yazýlýmý\\Output\\Discovery.axf" 
Erase Done.
Programming Done.
Verify OK.
Application running ...
Build target 'Target 1'
linking...
Program Size: Code=8072 RO-data=5080 RW-data=72 ZI-data=1632  
FromELF: creating hex file...
".\Output\Discovery.axf" - 0 Errors, 0 Warning(s).
Load "C:\\Users\\My_PC\\Desktop\\Son Projeler\\STM32F407 Test Yazýlýmý\\Output\\Discovery.axf" 
Erase Done.
Programming Done.
Verify OK.
Application running ...
Build target 'Target 1'
compiling main.c...
User\main.c(71): warning:  #167-D: argument of type "char *" is incompatible with parameter of type "uint8_t *"
compiling stm32f4_discovery_lis302dl.c...
linking...
Program Size: Code=8072 RO-data=5080 RW-data=72 ZI-data=1632  
FromELF: creating hex file...
".\Output\Discovery.axf" - 0 Errors, 1 Warning(s).
Build target 'Target 1'
compiling main.c...
User\main.c(71): warning:  #167-D: argument of type "char *" is incompatible with parameter of type "uint8_t *"
compiling Usart.c...
compiling ADC.c...
compiling OV9655.c...
linking...
Program Size: Code=8072 RO-data=5080 RW-data=72 ZI-data=1632  
FromELF: creating hex file...
".\Output\Discovery.axf" - 0 Errors, 1 Warning(s).
Build target 'Target 1'
compiling main.c...
User\main.c(71): warning:  #167-D: argument of type "char *" is incompatible with parameter of type "uint8_t *"
linking...
Program Size: Code=9808 RO-data=5080 RW-data=76 ZI-data=1636  
FromELF: creating hex file...
".\Output\Discovery.axf" - 0 Errors, 1 Warning(s).
Load "C:\\Users\\My_PC\\Desktop\\Son Projeler\\STM32F407 Test Yazýlýmý\\Output\\Discovery.axf" 
Erase Done.
Programming Done.
Verify OK.
Application running ...
Build target 'Target 1'
linking...
Program Size: Code=9808 RO-data=5080 RW-data=76 ZI-data=1636  
FromELF: creating hex file...
".\Output\Discovery.axf" - 0 Errors, 0 Warning(s).
Build target 'Target 1'
compiling main.c...
User\main.c(69): warning:  #167-D: argument of type "char *" is incompatible with parameter of type "uint8_t *"
linking...
Program Size: Code=9808 RO-data=5080 RW-data=76 ZI-data=1636  
FromELF: creating hex file...
".\Output\Discovery.axf" - 0 Errors, 1 Warning(s).
Build target 'Target 1'
compiling main.c...
User\main.c(75): warning:  #167-D: argument of type "char *" is incompatible with parameter of type "uint8_t *"
linking...
Program Size: Code=9648 RO-data=5020 RW-data=88 ZI-data=1632  
FromELF: creating hex file...
".\Output\Discovery.axf" - 0 Errors, 1 Warning(s).
Load "C:\\Users\\My_PC\\Desktop\\Son Projeler\\STM32F407 Test Yazýlýmý\\Output\\Discovery.axf" 
Erase Done.
Programming Done.
Verify OK.
Application running ...
Build target 'Target 1'
compiling main.c...
User\main.c(75): warning:  #167-D: argument of type "char *" is incompatible with parameter of type "uint8_t *"
User\main.c(78): warning:  #167-D: argument of type "char *" is incompatible with parameter of type "uint8_t *"
User\main.c(81): warning:  #167-D: argument of type "char *" is incompatible with parameter of type "uint8_t *"
linking...
Program Size: Code=9920 RO-data=5040 RW-data=88 ZI-data=1632  
FromELF: creating hex file...
".\Output\Discovery.axf" - 0 Errors, 3 Warning(s).
Build target 'Target 1'
compiling main.c...
User\main.c(75): warning:  #167-D: argument of type "char *" is incompatible with parameter of type "uint8_t *"
User\main.c(78): warning:  #167-D: argument of type "char *" is incompatible with parameter of type "uint8_t *"
User\main.c(81): warning:  #167-D: argument of type "char *" is incompatible with parameter of type "uint8_t *"
linking...
Program Size: Code=9912 RO-data=5040 RW-data=88 ZI-data=1632  
FromELF: creating hex file...
".\Output\Discovery.axf" - 0 Errors, 3 Warning(s).
Build target 'Target 1'
compiling main.c...
User\main.c(75): warning:  #167-D: argument of type "char *" is incompatible with parameter of type "uint8_t *"
User\main.c(78): warning:  #167-D: argument of type "char *" is incompatible with parameter of type "uint8_t *"
User\main.c(81): warning:  #167-D: argument of type "char *" is incompatible with parameter of type "uint8_t *"
linking...
Program Size: Code=9912 RO-data=5040 RW-data=88 ZI-data=1632  
FromELF: creating hex file...
".\Output\Discovery.axf" - 0 Errors, 3 Warning(s).
Load "C:\\Users\\My_PC\\Desktop\\Son Projeler\\STM32F407 Test Yazýlýmý\\Output\\Discovery.axf" 
Erase Done.
Programming Done.
Verify OK.
Application running ...
compiling main.c...
User\main.c(67): error:  #167: argument of type "int *" is incompatible with parameter of type "uint8_t *"
User\main.c(75): warning:  #167-D: argument of type "char *" is incompatible with parameter of type "uint8_t *"
User\main.c(78): warning:  #167-D: argument of type "char *" is incompatible with parameter of type "uint8_t *"
User\main.c(81): warning:  #167-D: argument of type "char *" is incompatible with parameter of type "uint8_t *"
"User\main.c" - 1 Errors, 3 Warning(s).
Build target 'Target 1'
compiling main.c...
User\main.c(67): error:  #167: argument of type "int *" is incompatible with parameter of type "uint8_t *"
User\main.c(75): warning:  #167-D: argument of type "char *" is incompatible with parameter of type "uint8_t *"
User\main.c(78): warning:  #167-D: argument of type "char *" is incompatible with parameter of type "uint8_t *"
User\main.c(81): warning:  #167-D: argument of type "char *" is incompatible with parameter of type "uint8_t *"
".\Output\Discovery.axf" - 1 Errors, 3 Warning(s).
Target not created
Build target 'Target 1'
compiling main.c...
User\main.c(67): error:  #167: argument of type "int *" is incompatible with parameter of type "uint8_t *"
User\main.c(75): warning:  #167-D: argument of type "char *" is incompatible with parameter of type "uint8_t *"
User\main.c(78): warning:  #167-D: argument of type "char *" is incompatible with parameter of type "uint8_t *"
User\main.c(81): warning:  #167-D: argument of type "char *" is incompatible with parameter of type "uint8_t *"
compiling stm32f4_discovery_lis302dl.c...
compiling Usart.c...
compiling ADC.c...
compiling OV9655.c...
".\Output\Discovery.axf" - 1 Errors, 3 Warning(s).
Target not created
Build target 'Target 1'
compiling main.c...
User\main.c(76): warning:  #167-D: argument of type "char *" is incompatible with parameter of type "uint8_t *"
User\main.c(79): warning:  #167-D: argument of type "char *" is incompatible with parameter of type "uint8_t *"
User\main.c(82): warning:  #167-D: argument of type "char *" is incompatible with parameter of type "uint8_t *"
linking...
Program Size: Code=9952 RO-data=5040 RW-data=88 ZI-data=1632  
FromELF: creating hex file...
".\Output\Discovery.axf" - 0 Errors, 3 Warning(s).
Load "C:\\Users\\My_PC\\Desktop\\Son Projeler\\STM32F407 Test Yazýlýmý\\Output\\Discovery.axf" 
Erase Done.
Programming Done.
Verify OK.
Application running ...
Build target 'Target 1'
compiling main.c...
User\main.c(25): error:  #77-D: this declaration has no storage class or type specifier
User\main.c(76): warning:  #167-D: argument of type "char *" is incompatible with parameter of type "uint8_t *"
User\main.c(79): warning:  #167-D: argument of type "char *" is incompatible with parameter of type "uint8_t *"
User\main.c(82): warning:  #167-D: argument of type "char *" is incompatible with parameter of type "uint8_t *"
".\Output\Discovery.axf" - 1 Errors, 3 Warning(s).
Target not created
Load "C:\\Users\\My_PC\\Desktop\\Son Projeler\\STM32F407 Test Yazýlýmý\\Output\\Discovery.axf" 
Erase Done.
Programming Done.
Verify OK.
Application running ...
Build target 'Target 1'
compiling main.c...
User\main.c(75): warning:  #167-D: argument of type "char *" is incompatible with parameter of type "uint8_t *"
User\main.c(78): warning:  #167-D: argument of type "char *" is incompatible with parameter of type "uint8_t *"
User\main.c(81): warning:  #167-D: argument of type "char *" is incompatible with parameter of type "uint8_t *"
linking...
Program Size: Code=9952 RO-data=5040 RW-data=80 ZI-data=1632  
FromELF: creating hex file...
".\Output\Discovery.axf" - 0 Errors, 3 Warning(s).
Load "C:\\Users\\My_PC\\Desktop\\Son Projeler\\STM32F407 Test Yazýlýmý\\Output\\Discovery.axf" 
Erase Done.
Programming Done.
Verify OK.
Application running ...
Build target 'Target 1'
compiling main.c...
User\main.c(75): warning:  #167-D: argument of type "char *" is incompatible with parameter of type "uint8_t *"
User\main.c(78): warning:  #167-D: argument of type "char *" is incompatible with parameter of type "uint8_t *"
User\main.c(81): warning:  #167-D: argument of type "char *" is incompatible with parameter of type "uint8_t *"
compiling stm32f4_discovery_lis302dl.c...
linking...
Program Size: Code=9964 RO-data=5040 RW-data=80 ZI-data=1632  
FromELF: creating hex file...
".\Output\Discovery.axf" - 0 Errors, 3 Warning(s).
Load "C:\\Users\\My_PC\\Desktop\\Son Projeler\\STM32F407 Test Yazýlýmý\\Output\\Discovery.axf" 
Erase Done.
Programming Done.
Verify OK.
Application running ...
Build target 'Target 1'
compiling main.c...
User\main.c(75): warning:  #167-D: argument of type "char *" is incompatible with parameter of type "uint8_t *"
User\main.c(78): warning:  #167-D: argument of type "char *" is incompatible with parameter of type "uint8_t *"
User\main.c(81): warning:  #167-D: argument of type "char *" is incompatible with parameter of type "uint8_t *"
linking...
Program Size: Code=9968 RO-data=5040 RW-data=80 ZI-data=1632  
FromELF: creating hex file...
".\Output\Discovery.axf" - 0 Errors, 3 Warning(s).
Load "C:\\Users\\My_PC\\Desktop\\Son Projeler\\STM32F407 Test Yazýlýmý\\Output\\Discovery.axf" 
Erase Done.
Programming Done.
Verify OK.
Application running ...
